******************************************************************************
                  TI ARM Linker PC v20.2.7                     
******************************************************************************
>> Linked Wed Aug 21 16:14:34 2024

OUTPUT FILE NAME:   <ARM Final Project Test.out>
ENTRY POINT SYMBOL: "_c_int00_noargs"  address: 000009c9


MEMORY CONFIGURATION

         name            origin    length      used     unused   attr    fill
----------------------  --------  ---------  --------  --------  ----  --------
  FLASH                 00000000   00040000  00000a4e  0003f5b2  R  X
  SRAM                  20000000   00008000  00000205  00007dfb  RW X


SEGMENT ALLOCATION MAP

run origin  load origin   length   init length attrs members
----------  ----------- ---------- ----------- ----- -------
00000000    00000000    00000a50   00000a50    r-x
  00000000    00000000    0000026c   0000026c    r-- .intvecs
  0000026c    0000026c    000007ca   000007ca    r-x .text
  00000a38    00000a38    00000018   00000018    r-- .cinit
20000000    20000000    00000205   00000000    rw-
  20000000    20000000    00000200   00000000    rw- .stack
  20000200    20000200    00000005   00000000    rw- .data


SECTION ALLOCATION MAP

 output                                  attributes/
section   page    origin      length       input sections
--------  ----  ----------  ----------   ----------------
.intvecs   0    00000000    0000026c     
                  00000000    0000026c     tm4c123gh6pm_startup_ccs.obj (.intvecs)

.text      0    0000026c    000007ca     
                  0000026c    00000330     NVIC.obj (.text)
                  0000059c    0000021c     main.obj (.text)
                  000007b8    000000c8     SysTick.obj (.text)
                  00000880    0000009c     rtsv7M4_T_le_v4SPD16_eabi.lib : memcpy_t2.asm.obj (.text)
                  0000091c    00000068                                   : copy_decompress_lzss.c.obj (.text:decompress:lzss:__TI_decompress_lzss)
                  00000984    00000044                                   : autoinit.c.obj (.text:__TI_auto_init_nobinit_nopinit:__TI_auto_init_nobinit_nopinit)
                  000009c8    00000034                                   : boot_cortex_m.c.obj (.text:_c_int00_noargs:_c_int00_noargs)
                  000009fc    00000018                                   : ll_mul_t2.asm.obj (.text)
                  00000a14    0000000e                                   : copy_decompress_none.c.obj (.text:decompress:none:__TI_decompress_none)
                  00000a22    0000000c     tm4c123gh6pm_startup_ccs.obj (.text)
                  00000a2e    00000004     rtsv7M4_T_le_v4SPD16_eabi.lib : pre_init.c.obj (.text:_system_pre_init)
                  00000a32    00000004                                   : exit.c.obj (.text:abort:abort)

.cinit     0    00000a38    00000018     
                  00000a38    00000008     (__TI_handler_table)
                  00000a40    00000007     (.cinit..data.load) [load image, compression = lzss]
                  00000a47    00000001     --HOLE-- [fill = 0]
                  00000a48    00000008     (__TI_cinit_table)

.init_array 
*          0    00000000    00000000     UNINITIALIZED

.data      0    20000200    00000005     UNINITIALIZED
                  20000200    00000004     SysTick.obj (.data)
                  20000204    00000001     main.obj (.data)

.stack     0    20000000    00000200     UNINITIALIZED
                  20000000    00000004     rtsv7M4_T_le_v4SPD16_eabi.lib : boot_cortex_m.c.obj (.stack)
                  20000004    000001fc     --HOLE--

__llvm_prf_cnts 
*          0    20000000    00000000     UNINITIALIZED

MODULE SUMMARY

       Module                         code   ro data   rw data
       ------                         ----   -------   -------
    .\
       NVIC.obj                       816    0         0      
       tm4c123gh6pm_startup_ccs.obj   12     620       0      
       main.obj                       540    0         1      
       SysTick.obj                    200    0         4      
    +--+------------------------------+------+---------+---------+
       Total:                         1568   620       5      
                                                              
    D:\Code Composer\Installation\ccs\tools\compiler\ti-cgt-arm_20.2.7.LTS\lib\rtsv7M4_T_le_v4SPD16_eabi.lib
       memcpy_t2.asm.obj              156    0         0      
       copy_decompress_lzss.c.obj     104    0         0      
       autoinit.c.obj                 68     0         0      
       boot_cortex_m.c.obj            52     0         0      
       ll_mul_t2.asm.obj              24     0         0      
       copy_decompress_none.c.obj     14     0         0      
       exit.c.obj                     4      0         0      
       pre_init.c.obj                 4      0         0      
    +--+------------------------------+------+---------+---------+
       Total:                         426    0         0      
                                                              
       Stack:                         0      0         512    
       Linker Generated:              0      23        0      
    +--+------------------------------+------+---------+---------+
       Grand Total:                   1994   643       517    


LINKER GENERATED COPY TABLES

__TI_cinit_table @ 00000a48 records: 1, size/record: 8, table size: 8
	.data: load addr=00000a40, load size=00000007 bytes, run addr=20000200, run size=00000005 bytes, compression=lzss


LINKER GENERATED HANDLER TABLE

__TI_handler_table @ 00000a38 records: 2, size/record: 4, table size: 8
	index: 0, handler: __TI_decompress_lzss
	index: 1, handler: __TI_decompress_none


GLOBAL SYMBOLS: SORTED ALPHABETICALLY BY Name 

address   name                          
-------   ----                          
00000a33  C$$EXIT                       
0000059d  Delay_MS                      
000005dd  GPIOPortF_Handler             
0000069d  Leds_Init                     
0000044f  NVIC_DisableException         
00000307  NVIC_DisableIRQ               
0000040b  NVIC_EnableException          
0000026d  NVIC_EnableIRQ                
00000493  NVIC_SetPriorityException     
000003a1  NVIC_SetPriorityIRQ           
00000a23  ResetISR                      
0000060d  SW2_Init                      
000006db  SysTick_CallBackFunc          
0000085d  SysTick_DeInit                
000007b9  SysTick_Handler               
000007c9  SysTick_Init                  
00000835  SysTick_SetCallBack           
00000851  SysTick_Start                 
000007fb  SysTick_StartBusyWait         
00000845  SysTick_Stop                  
20000200  __STACK_END                   
00000200  __STACK_SIZE                  
20000200  __STACK_TOP                   
00000a48  __TI_CINIT_Base               
00000a50  __TI_CINIT_Limit              
00000a38  __TI_Handler_Table_Base       
00000a40  __TI_Handler_Table_Limit      
00000985  __TI_auto_init_nobinit_nopinit
0000091d  __TI_decompress_lzss          
00000a15  __TI_decompress_none          
ffffffff  __TI_pprof_out_hndl           
ffffffff  __TI_prof_data_size           
ffffffff  __TI_prof_data_start          
00000000  __TI_static_base__            
000009fd  __aeabi_lmul                  
00000881  __aeabi_memcpy                
00000881  __aeabi_memcpy4               
00000881  __aeabi_memcpy8               
ffffffff  __binit__                     
ffffffff  __c_args__                    
UNDEFED   __mpu_init                    
20000000  __stack                       
20000000  __start___llvm_prf_cnts       
20000000  __stop___llvm_prf_cnts        
000009c9  _c_int00_noargs               
UNDEFED   _system_post_cinit            
00000a2f  _system_pre_init              
00000a33  abort                         
ffffffff  binit                         
20000204  g_Counter                     
00000000  g_pfnVectors                  
00000735  main                          
00000881  memcpy                        


GLOBAL SYMBOLS: SORTED BY Symbol Address 

address   name                          
-------   ----                          
00000000  __TI_static_base__            
00000000  g_pfnVectors                  
00000200  __STACK_SIZE                  
0000026d  NVIC_EnableIRQ                
00000307  NVIC_DisableIRQ               
000003a1  NVIC_SetPriorityIRQ           
0000040b  NVIC_EnableException          
0000044f  NVIC_DisableException         
00000493  NVIC_SetPriorityException     
0000059d  Delay_MS                      
000005dd  GPIOPortF_Handler             
0000060d  SW2_Init                      
0000069d  Leds_Init                     
000006db  SysTick_CallBackFunc          
00000735  main                          
000007b9  SysTick_Handler               
000007c9  SysTick_Init                  
000007fb  SysTick_StartBusyWait         
00000835  SysTick_SetCallBack           
00000845  SysTick_Stop                  
00000851  SysTick_Start                 
0000085d  SysTick_DeInit                
00000881  __aeabi_memcpy                
00000881  __aeabi_memcpy4               
00000881  __aeabi_memcpy8               
00000881  memcpy                        
0000091d  __TI_decompress_lzss          
00000985  __TI_auto_init_nobinit_nopinit
000009c9  _c_int00_noargs               
000009fd  __aeabi_lmul                  
00000a15  __TI_decompress_none          
00000a23  ResetISR                      
00000a2f  _system_pre_init              
00000a33  C$$EXIT                       
00000a33  abort                         
00000a38  __TI_Handler_Table_Base       
00000a40  __TI_Handler_Table_Limit      
00000a48  __TI_CINIT_Base               
00000a50  __TI_CINIT_Limit              
20000000  __stack                       
20000000  __start___llvm_prf_cnts       
20000000  __stop___llvm_prf_cnts        
20000200  __STACK_END                   
20000200  __STACK_TOP                   
20000204  g_Counter                     
ffffffff  __TI_pprof_out_hndl           
ffffffff  __TI_prof_data_size           
ffffffff  __TI_prof_data_start          
ffffffff  __binit__                     
ffffffff  __c_args__                    
ffffffff  binit                         
UNDEFED   __mpu_init                    
UNDEFED   _system_post_cinit            

[53 symbols]
