******************************************************************************
                  TI ARM Linker PC v20.2.7                     
******************************************************************************
>> Linked Wed Aug 21 14:06:33 2024

OUTPUT FILE NAME:   <ARM_Final_Project_Test.out>
ENTRY POINT SYMBOL: "_c_int00_noargs"  address: 000009e1


MEMORY CONFIGURATION

         name            origin    length      used     unused   attr    fill
----------------------  --------  ---------  --------  --------  ----  --------
  FLASH                 00000000   00040000  00000ae0  0003f520  R  X
  SRAM                  20000000   00008000  00000291  00007d6f  RW X


SEGMENT ALLOCATION MAP

run origin  load origin   length   init length attrs members
----------  ----------- ---------- ----------- ----- -------
00000000    00000000    00000ae4   00000ae4    r-x
  00000000    00000000    0000026c   0000026c    r-- .intvecs
  0000026c    0000026c    000007e8   000007e8    r-x .text
  00000a58    00000a58    0000008c   0000008c    r-- .cinit
20000000    20000000    00000291   00000000    rw-
  20000000    20000000    00000200   00000000    rw- .stack
  20000200    20000200    00000091   00000000    rw- .data


SECTION ALLOCATION MAP

 output                                  attributes/
section   page    origin      length       input sections
--------  ----  ----------  ----------   ----------------
.intvecs   0    00000000    0000026c     
                  00000000    0000026c     tm4c123gh6pm_startup_ccs.obj (.intvecs)

.text      0    0000026c    000007e8     
                  0000026c    0000034c     NVIC.obj (.text)
                  000005b8    0000021c     main.obj (.text)
                  000007d4    000000c4     SysTick.obj (.text)
                  00000898    0000009c     rtsv7M4_T_le_v4SPD16_eabi.lib : memcpy_t2.asm.obj (.text)
                  00000934    00000068                                   : copy_decompress_lzss.c.obj (.text:decompress:lzss:__TI_decompress_lzss)
                  0000099c    00000044                                   : autoinit.c.obj (.text:__TI_auto_init_nobinit_nopinit:__TI_auto_init_nobinit_nopinit)
                  000009e0    00000034                                   : boot_cortex_m.c.obj (.text:_c_int00_noargs:_c_int00_noargs)
                  00000a14    00000018                                   : ll_mul_t2.asm.obj (.text)
                  00000a2c    00000012     tm4c123gh6pm_startup_ccs.obj (.text)
                  00000a3e    0000000e     rtsv7M4_T_le_v4SPD16_eabi.lib : copy_decompress_none.c.obj (.text:decompress:none:__TI_decompress_none)
                  00000a4c    00000004                                   : pre_init.c.obj (.text:_system_pre_init)
                  00000a50    00000004                                   : exit.c.obj (.text:abort:abort)

.cinit     0    00000a58    0000008c     
                  00000a58    0000007a     (.cinit..data.load) [load image, compression = lzss]
                  00000ad2    00000002     --HOLE-- [fill = 0]
                  00000ad4    00000008     (__TI_handler_table)
                  00000adc    00000008     (__TI_cinit_table)

.init_array 
*          0    00000000    00000000     UNINITIALIZED

.data      0    20000200    00000091     UNINITIALIZED
                  20000200    0000008c     NVIC.obj (.data:NVIC_PRIx_REG)
                  2000028c    00000004     SysTick.obj (.data)
                  20000290    00000001     main.obj (.data)

.stack     0    20000000    00000200     UNINITIALIZED
                  20000000    00000004     rtsv7M4_T_le_v4SPD16_eabi.lib : boot_cortex_m.c.obj (.stack)
                  20000004    000001fc     --HOLE--

__llvm_prf_cnts 
*          0    20000000    00000000     UNINITIALIZED

MODULE SUMMARY

       Module                         code   ro data   rw data
       ------                         ----   -------   -------
    .\
       NVIC.obj                       844    0         140    
       tm4c123gh6pm_startup_ccs.obj   18     620       0      
       main.obj                       540    0         1      
       SysTick.obj                    196    0         4      
    +--+------------------------------+------+---------+---------+
       Total:                         1598   620       145    
                                                              
    C:\ti\ccs1260\ccs\tools\compiler\ti-cgt-arm_20.2.7.LTS\lib\rtsv7M4_T_le_v4SPD16_eabi.lib
       memcpy_t2.asm.obj              156    0         0      
       copy_decompress_lzss.c.obj     104    0         0      
       autoinit.c.obj                 68     0         0      
       boot_cortex_m.c.obj            52     0         0      
       ll_mul_t2.asm.obj              24     0         0      
       copy_decompress_none.c.obj     14     0         0      
       exit.c.obj                     4      0         0      
       pre_init.c.obj                 4      0         0      
    +--+------------------------------+------+---------+---------+
       Total:                         426    0         0      
                                                              
       Stack:                         0      0         512    
       Linker Generated:              0      138       0      
    +--+------------------------------+------+---------+---------+
       Grand Total:                   2024   758       657    


LINKER GENERATED COPY TABLES

__TI_cinit_table @ 00000adc records: 1, size/record: 8, table size: 8
	.data: load addr=00000a58, load size=0000007a bytes, run addr=20000200, run size=00000091 bytes, compression=lzss


LINKER GENERATED HANDLER TABLE

__TI_handler_table @ 00000ad4 records: 2, size/record: 4, table size: 8
	index: 0, handler: __TI_decompress_lzss
	index: 1, handler: __TI_decompress_none


GLOBAL SYMBOLS: SORTED ALPHABETICALLY BY Name 

address   name                          
-------   ----                          
00000a51  C$$EXIT                       
000005b9  Delay_MS                      
000005f9  GPIOPortF_Handler             
000006b9  Leds_Init                     
00000469  NVIC_DisableException         
00000313  NVIC_DisableIRQ               
00000425  NVIC_EnableException          
0000026d  NVIC_EnableIRQ                
000004ad  NVIC_SetPriorityException     
000003b9  NVIC_SetPriorityIRQ           
00000a2d  ResetISR                      
00000629  SW2_Init                      
000006f7  SysTick_CallBackFunc          
00000881  SysTick_DeInit                
00000849  SysTick_Handler               
000007d5  SysTick_Init                  
00000859  SysTick_SetCallBack           
00000875  SysTick_Start                 
0000080b  SysTick_StartBusyWait         
00000869  SysTick_Stop                  
20000200  __STACK_END                   
00000200  __STACK_SIZE                  
20000200  __STACK_TOP                   
00000adc  __TI_CINIT_Base               
00000ae4  __TI_CINIT_Limit              
00000ad4  __TI_Handler_Table_Base       
00000adc  __TI_Handler_Table_Limit      
0000099d  __TI_auto_init_nobinit_nopinit
00000935  __TI_decompress_lzss          
00000a3f  __TI_decompress_none          
ffffffff  __TI_pprof_out_hndl           
ffffffff  __TI_prof_data_size           
ffffffff  __TI_prof_data_start          
00000000  __TI_static_base__            
00000a15  __aeabi_lmul                  
00000899  __aeabi_memcpy                
00000899  __aeabi_memcpy4               
00000899  __aeabi_memcpy8               
ffffffff  __binit__                     
ffffffff  __c_args__                    
UNDEFED   __mpu_init                    
20000000  __stack                       
20000000  __start___llvm_prf_cnts       
20000000  __stop___llvm_prf_cnts        
000009e1  _c_int00_noargs               
UNDEFED   _system_post_cinit            
00000a4d  _system_pre_init              
00000a51  abort                         
ffffffff  binit                         
20000290  g_Counter                     
00000000  g_pfnVectors                  
00000751  main                          
00000899  memcpy                        


GLOBAL SYMBOLS: SORTED BY Symbol Address 

address   name                          
-------   ----                          
00000000  __TI_static_base__            
00000000  g_pfnVectors                  
00000200  __STACK_SIZE                  
0000026d  NVIC_EnableIRQ                
00000313  NVIC_DisableIRQ               
000003b9  NVIC_SetPriorityIRQ           
00000425  NVIC_EnableException          
00000469  NVIC_DisableException         
000004ad  NVIC_SetPriorityException     
000005b9  Delay_MS                      
000005f9  GPIOPortF_Handler             
00000629  SW2_Init                      
000006b9  Leds_Init                     
000006f7  SysTick_CallBackFunc          
00000751  main                          
000007d5  SysTick_Init                  
0000080b  SysTick_StartBusyWait         
00000849  SysTick_Handler               
00000859  SysTick_SetCallBack           
00000869  SysTick_Stop                  
00000875  SysTick_Start                 
00000881  SysTick_DeInit                
00000899  __aeabi_memcpy                
00000899  __aeabi_memcpy4               
00000899  __aeabi_memcpy8               
00000899  memcpy                        
00000935  __TI_decompress_lzss          
0000099d  __TI_auto_init_nobinit_nopinit
000009e1  _c_int00_noargs               
00000a15  __aeabi_lmul                  
00000a2d  ResetISR                      
00000a3f  __TI_decompress_none          
00000a4d  _system_pre_init              
00000a51  C$$EXIT                       
00000a51  abort                         
00000ad4  __TI_Handler_Table_Base       
00000adc  __TI_CINIT_Base               
00000adc  __TI_Handler_Table_Limit      
00000ae4  __TI_CINIT_Limit              
20000000  __stack                       
20000000  __start___llvm_prf_cnts       
20000000  __stop___llvm_prf_cnts        
20000200  __STACK_END                   
20000200  __STACK_TOP                   
20000290  g_Counter                     
ffffffff  __TI_pprof_out_hndl           
ffffffff  __TI_prof_data_size           
ffffffff  __TI_prof_data_start          
ffffffff  __binit__                     
ffffffff  __c_args__                    
ffffffff  binit                         
UNDEFED   __mpu_init                    
UNDEFED   _system_post_cinit            

[53 symbols]
